JSCompiler_StaticMethods__peek_at:Ki
JSCompiler_StaticMethods__run:Ii
JSCompiler_StaticMethods__set_opts:Li
JSCompiler_StaticMethods_add_after_render:pi
JSCompiler_StaticMethods_assoc_BANG_:Xf
JSCompiler_StaticMethods_cleanup:Jk
JSCompiler_StaticMethods_cljs$core$ITransientVector$_assoc_n_BANG_$arity$3:hf
JSCompiler_StaticMethods_cljs$core$async$impl$channels$MMC$abort$arity$1:cl
JSCompiler_StaticMethods_cljs$core$async$impl$protocols$Buffer$full_QMARK_$arity$1:Lk
JSCompiler_StaticMethods_cljs$core$async$impl$protocols$ReadPort$take_BANG_$arity$2:dl
JSCompiler_StaticMethods_flush_after_render:ni
JSCompiler_StaticMethods_schedule:oi
JSCompiler_StaticMethods_sval:Md
JSCompiler_StaticMethods_unbounded_unshift:Ik
JSCompiler_prototypeAlias:g
L 0:a
L 1:b
L 10:n
L 11:q
L 12:t
L 13:x
L 14:F
L 15:K
L 16:W
L 17:ea
L 18:oa
L 19:wa
L 2:c
L 20:Ma
L 21:ia
L 22:p
L 23:B
L 24:C
L 25:D
L 26:E
L 27:I
L 28:J
L 29:N
L 3:d
L 30:Q
L 31:U
L 32:V
L 33:ca
L 34:fa
L 35:ka
L 36:ra
L 37:ua
L 38:Aa
L 39:La
L 4:e
L 40:cb
L 41:Jb
L 42:Oc
L 43:Xd
L 5:f
L 6:h
L 7:k
L 8:l
L 9:m
cljs:qa
cljs$core:sa
cljs$core$ArrayChunk:Od
cljs$core$ArrayNode:Hf
cljs$core$ArrayNodeIterator:Lf
cljs$core$ArrayNodeSeq:Sf
cljs$core$Atom:se
cljs$core$BitmapIndexedNode:Df
cljs$core$BitmapIndexedNode$EMPTY:Gf
cljs$core$Box:wf
cljs$core$ChunkBuffer:Nd
cljs$core$ChunkedCons:Pd
cljs$core$ChunkedSeq:bf
cljs$core$Cons:Hd
cljs$core$ES6EntriesIterator:mf
cljs$core$ES6Iterator:vc
cljs$core$ES6IteratorSeq:xc
cljs$core$ES6SetEntriesIterator:nf
cljs$core$EmptyList:Gd
cljs$core$Fn:Oa
cljs$core$HashCollisionNode:Pf
cljs$core$HashMapIter:Uf
cljs$core$HashSetIter:dg
cljs$core$IAssociative:fb
cljs$core$ICollection:Ua
cljs$core$ICounted:Qa
cljs$core$IEmptyableCollection:Sa
cljs$core$IEncodeJS:Ig
cljs$core$IFn:Pa
cljs$core$IIndexed:Wa
cljs$core$IIndexed$_nth$dyn_34173:Ya
cljs$core$IIterable:Zb
cljs$core$IKVReduce:zb
cljs$core$IList:Gb
cljs$core$ILookup:bb
cljs$core$ILookup$_lookup$dyn_34179:eb
cljs$core$IMap:jb
cljs$core$IMeta:tb
cljs$core$INIT:je
cljs$core$INext:ab
cljs$core$IPrintWithWriter:Kb
cljs$core$IRecord:Hb
cljs$core$IReduce:wb
cljs$core$IReduce$_reduce$dyn_34196:yb
cljs$core$ISeq:Za
cljs$core$ISeqable:Db
cljs$core$ISequential:Fb
cljs$core$ISet:nb
cljs$core$ISwap$_swap_BANG_$dyn_34248:Yb
cljs$core$ITER_SYMBOL:Ha
cljs$core$IVector:rb
cljs$core$IndexedSeq:qc
cljs$core$IndexedSeqIterator:Qc
cljs$core$IntegerRange:mg
cljs$core$IntegerRangeChunk:kg
cljs$core$KeySeq:Yf
cljs$core$Keyword:H
cljs$core$LazySeq:Ld
cljs$core$List:Yc
cljs$core$List$EMPTY:tc
cljs$core$MapEntry:Re
cljs$core$MetaFn:dd
cljs$core$NeverEquiv:jf
cljs$core$NodeIterator:Cf
cljs$core$NodeSeq:Qf
cljs$core$PROTOCOL_SENTINEL:u
cljs$core$PersistentArrayMap:ya
cljs$core$PersistentArrayMap$EMPTY:ie
cljs$core$PersistentArrayMap$HASHMAP_THRESHOLD:tf
cljs$core$PersistentArrayMapIterator:pf
cljs$core$PersistentArrayMapSeq:of
cljs$core$PersistentHashMap:Vf
cljs$core$PersistentHashMap$EMPTY:uf
cljs$core$PersistentHashSet:eg
cljs$core$PersistentHashSet$EMPTY:gg
cljs$core$PersistentVector:Y
cljs$core$PersistentVector$EMPTY:Xc
cljs$core$PersistentVector$EMPTY_NODE:Z
cljs$core$PersistentVector$fromArray:Xe
cljs$core$Range:ng
cljs$core$RangeIterator:lg
cljs$core$RangedIterator:Ne
cljs$core$Reduced:Dc
cljs$core$Repeat:nk
cljs$core$START:ke
cljs$core$SeqIter:le
cljs$core$StringBufferWriter:ac
cljs$core$Subvec:df
cljs$core$Symbol:mc
cljs$core$TransientArrayMap:sf
cljs$core$TransientHashMap:Wf
cljs$core$TransientHashSet:fg
cljs$core$TransientVector:Se
cljs$core$ValSeq:Zf
cljs$core$VectorNode:Ce
cljs$core$_EQ_:uc
cljs$core$_STAR_print_fn_STAR_:hk
cljs$core$_STAR_print_level_STAR_:va
cljs$core$_STAR_print_newline_STAR_:ik
cljs$core$__destructure_map:fe
cljs$core$_add_watch:Mb
cljs$core$_as_transient:Pb
cljs$core$_assoc:hb
cljs$core$_assoc_BANG_:Sb
cljs$core$_assoc_n:sb
cljs$core$_chunked_first:Ub
cljs$core$_chunked_rest:Vb
cljs$core$_clj__GT_js:Jg
cljs$core$_conj:Va
cljs$core$_conj_BANG_:Qb
cljs$core$_contains_key_QMARK_:gb
cljs$core$_count:Ra
cljs$core$_deref:G
cljs$core$_disjoin:ob
cljs$core$_dissoc:kb
cljs$core$_drop_first:Tb
cljs$core$_empty:Ta
cljs$core$_equiv:Bb
cljs$core$_find:ib
cljs$core$_first:A
cljs$core$_hash:Cb
cljs$core$_indexOf$cljs$0core$0IFn$0_invoke$0arity$03:R
cljs$core$_iterator:$b
cljs$core$_key:lb
cljs$core$_kv_reduce:Ab
cljs$core$_lastIndexOf$cljs$0core$0IFn$0_invoke$0arity$03:T
cljs$core$_lookup:db
cljs$core$_meta:ub
cljs$core$_nth:Xa
cljs$core$_peek:pb
cljs$core$_persistent_BANG_:Rb
cljs$core$_pop:qb
cljs$core$_pr_writer:Lb
cljs$core$_reduce:xb
cljs$core$_remove_watch:Ob
cljs$core$_reset_BANG_:Wb
cljs$core$_rest:$a
cljs$core$_seq:Eb
cljs$core$_swap_BANG_:Xb
cljs$core$_val:mb
cljs$core$_with_meta:vb
cljs$core$_write:Ib
cljs$core$aclone:Ia
cljs$core$apply:ed
cljs$core$apply$cljs$0core$0IFn$0_invoke$0arity$02:be
cljs$core$apply$cljs$0core$0IFn$0_invoke$0arity$03:ce
cljs$core$apply$cljs$0core$0IFn$0_invoke$0arity$05:de
cljs$core$apply$cljs$0core$0IFn$0_invoke$0arity$0variadic:ee
cljs$core$apply_to:Vd
cljs$core$apply_to_simple$cljs$0core$0IFn$0_invoke$0arity$03:Yd
cljs$core$apply_to_simple$cljs$0core$0IFn$0_invoke$0arity$04:Zd
cljs$core$apply_to_simple$cljs$0core$0IFn$0_invoke$0arity$05:$d
cljs$core$apply_to_simple$cljs$0core$0IFn$0_invoke$0arity$06:ae
cljs$core$array_QMARK_:Fa
cljs$core$array__GT_transient_hash_map:vf
cljs$core$array_copy:qd
cljs$core$array_for:Ke
cljs$core$array_index_of:ad
cljs$core$array_reduce$cljs$0core$0IFn$0_invoke$0arity$02:Ic
cljs$core$array_reduce$cljs$0core$0IFn$0_invoke$0arity$03:Jc
cljs$core$array_reduce$cljs$0core$0IFn$0_invoke$0arity$04:Kc
cljs$core$assoc:$c
cljs$core$async:wk
cljs$core$async$chan$cljs$0core$0IFn$0_invoke$0arity$03:nl
cljs$core$async$fhnop:Ak
cljs$core$async$impl:yk
cljs$core$async$impl$buffers$FixedBuffer:Kk
cljs$core$async$impl$buffers$RingBuffer:Hk
cljs$core$async$impl$buffers$acopy:Gk
cljs$core$async$impl$channels:Xk
cljs$core$async$impl$channels$ManyToManyChannel:bl
cljs$core$async$impl$channels$PutBox:$k
cljs$core$async$impl$channels$box:Zk
cljs$core$async$impl$channels$chan$cljs$0core$0IFn$0_invoke$0arity$03:gl
cljs$core$async$impl$channels$ex_handler:el
cljs$core$async$impl$channels$handle:fl
cljs$core$async$impl$channels$put_active_QMARK_:al
cljs$core$async$impl$channels$t_cljs$0core$0async$0impl$0channels30508:Yk
cljs$core$async$impl$dispatch$process_messages:Uk
cljs$core$async$impl$dispatch$queue_dispatcher:Vk
cljs$core$async$impl$dispatch$queued_QMARK_:Tk
cljs$core$async$impl$dispatch$run:Wk
cljs$core$async$impl$dispatch$running_QMARK_:Sk
cljs$core$async$impl$dispatch$tasks:Rk
cljs$core$async$impl$ioc_helpers:hl
cljs$core$async$impl$ioc_helpers$fn_handler:jl
cljs$core$async$impl$ioc_helpers$return_chan:ml
cljs$core$async$impl$ioc_helpers$run_state_machine_wrapped:kl
cljs$core$async$impl$ioc_helpers$t_cljs$0core$0async$0impl$0ioc_helpers30514:il
cljs$core$async$impl$ioc_helpers$take_BANG_:ll
cljs$core$async$impl$protocols$active_QMARK_:Ck
cljs$core$async$impl$protocols$add_BANG_:Fk
cljs$core$async$impl$protocols$add_BANG__STAR_:Ek
cljs$core$async$impl$protocols$close_BANG_:Bk
cljs$core$async$impl$protocols$commit:Dk
cljs$core$async$impl$protocols$put_BANG_:zk
cljs$core$async$t_cljs$0core$0async30613:xk
cljs$core$bit_count:Fd
cljs$core$boolean$0:sd
cljs$core$bounded_count:Sd
cljs$core$build_subvec:ef
cljs$core$char_escapes:tg
cljs$core$chunk_append:Rd
cljs$core$chunk_cons:Qd
cljs$core$chunked_seq:We
cljs$core$chunked_seq$cljs$0core$0IFn$0_invoke$0arity$04:Ve
cljs$core$chunked_seq$cljs$0core$0IFn$0_invoke$0arity$05:cf
cljs$core$chunked_seq_QMARK_:pd
cljs$core$ci_reduce$cljs$0core$0IFn$0_invoke$0arity$02:Gc
cljs$core$ci_reduce$cljs$0core$0IFn$0_invoke$0arity$03:Hc
cljs$core$clj__GT_js:Lg
cljs$core$clone_and_set$cljs$0core$0IFn$0_invoke$0arity$03:yf
cljs$core$coll_QMARK_:jd
cljs$core$conj:Wc
cljs$core$conj_BANG_:Ud
cljs$core$cons:Sc
cljs$core$constantly:mk
cljs$core$contains_QMARK_:vd
cljs$core$count:S
cljs$core$counted_QMARK_:Lc
cljs$core$create_array_node_seq:Nf
cljs$core$create_array_node_seq$cljs$0core$0IFn$0_invoke$0arity$01:Mf
cljs$core$create_array_node_seq$cljs$0core$0IFn$0_invoke$0arity$03:Tf
cljs$core$create_inode_seq:Ff
cljs$core$create_inode_seq$cljs$0core$0IFn$0_invoke$0arity$01:Ef
cljs$core$create_inode_seq$cljs$0core$0IFn$0_invoke$0arity$03:Rf
cljs$core$create_node:Jf
cljs$core$create_node$cljs$0core$0IFn$0_invoke$0arity$06:Kf
cljs$core$create_node$cljs$0core$0IFn$0_invoke$0arity$07:If
cljs$core$deref:Fc
cljs$core$disj:hd
cljs$core$dissoc:bd
cljs$core$do_assoc:Le
cljs$core$drop$cljs$0core$0IFn$0_invoke$0arity$02:xe
cljs$core$drop_last$cljs$0core$0IFn$0_invoke$0arity$02:ye
cljs$core$edit_and_set$cljs$0core$0IFn$0_invoke$0arity$04:Af
cljs$core$empty_QMARK_:id
cljs$core$empty_ordered_hash:zc
cljs$core$empty_unordered_hash:Bc
cljs$core$enable_console_print_BANG_:jk
cljs$core$equiv_map:lf
cljs$core$equiv_sequential:Rc
cljs$core$es6_iterator:wc
cljs$core$es6_iterator_seq:rc
cljs$core$every_QMARK_:me
cljs$core$first:O
cljs$core$fn_QMARK_:cd
cljs$core$gensym$cljs$0core$0IFn$0_invoke$0arity$01:Hg
cljs$core$gensym_counter:Gg
cljs$core$get:nc
cljs$core$hash:kc
cljs$core$hash_collision_node_find_index:Of
cljs$core$hash_combine:lc
cljs$core$hash_map:ge
cljs$core$hash_ordered_coll:yc
cljs$core$hash_string:jc
cljs$core$hash_unordered_coll:Ac
cljs$core$identity:Cd
cljs$core$ifn_QMARK_:td
cljs$core$imul:cc
cljs$core$inc:Cc
cljs$core$indexed_QMARK_:Mc
cljs$core$inode_kv_reduce:Bf
cljs$core$integer_QMARK_:ud
cljs$core$into:Be
cljs$core$into_array$cljs$0core$0IFn$0_invoke$0arity$02:Ja
cljs$core$iter_reduce$cljs$0core$0IFn$0_invoke$0arity$02:yd
cljs$core$iter_reduce$cljs$0core$0IFn$0_invoke$0arity$03:zd
cljs$core$iterable_QMARK_:pc
cljs$core$keep$cljs$0core$0IFn$0_invoke$0arity$02:re
cljs$core$key:$e
cljs$core$key__GT_js$cljs$0core$0IFn$0_invoke$0arity$02:Kg
cljs$core$key_test:xf
cljs$core$keys:qf
cljs$core$keyword:Jd
cljs$core$keyword_identical_QMARK_:lk
cljs$core$last:Vc
cljs$core$lift_ns:Dg
cljs$core$linear_traversal_nth$cljs$0core$0IFn$0_invoke$0arity$03:Zc
cljs$core$lookup_sentinel:rd
cljs$core$m3_fmix:fc
cljs$core$m3_hash_unencoded_chars:gc
cljs$core$m3_mix_H1:ec
cljs$core$m3_mix_K1:dc
cljs$core$map:ve
cljs$core$map_QMARK_:md
cljs$core$map_entry_QMARK_:Ze
cljs$core$map_indexed$cljs$0core$0IFn$0_invoke$0arity$02:oe
cljs$core$merge:$f
cljs$core$meta:gd
cljs$core$min_key:ig
cljs$core$missing_protocol:y
cljs$core$name:Kd
cljs$core$namespace:Id
cljs$core$native_satisfies_QMARK_:w
cljs$core$never_equiv:kf
cljs$core$new_path:Ge
cljs$core$next:P
cljs$core$next_STAR_:Wd
cljs$core$nil_iter:he
cljs$core$not:kk
cljs$core$nth:Pc
cljs$core$nth$cljs$0core$0IFn$0_invoke$0arity$02:Nc
cljs$core$nth$cljs$0core$0IFn$0_invoke$0arity$03:X
cljs$core$pop_tail:Me
cljs$core$pr_opts:xa
cljs$core$pr_sequential_writer:qg
cljs$core$pr_str_STAR_:bc
cljs$core$pr_str_with_opts:Bg
cljs$core$pr_writer:xg
cljs$core$pr_writer_impl:wg
cljs$core$prim_seq$cljs$0core$0IFn$0_invoke$0arity$02:Tc
cljs$core$print_map:yg
cljs$core$print_meta_QMARK_:vg
cljs$core$print_prefix_map:Eg
cljs$core$prn$cljs$0core$0IFn$0_invoke$0arity$0variadic:qk
cljs$core$push_tail:He
cljs$core$pv_clone_node:Ee
cljs$core$pv_fresh_node:De
cljs$core$pv_reduce$cljs$0core$0IFn$0_invoke$0arity$04:Pe
cljs$core$pv_reduce$cljs$0core$0IFn$0_invoke$0arity$05:Qe
cljs$core$quot:Ed
cljs$core$quote_string:ug
cljs$core$range$cljs$0core$0IFn$0_invoke$0arity$03:og
cljs$core$ranged_iterator:Oe
cljs$core$re_matches:pg
cljs$core$record_QMARK_:nd
cljs$core$reduce:Na
cljs$core$reduce$cljs$0core$0IFn$0_invoke$0arity$02:Ad
cljs$core$reduce$cljs$0core$0IFn$0_invoke$0arity$03:Ka
cljs$core$reduce_kv:Bd
cljs$core$reduced_QMARK_:Ec
cljs$core$remove_pair:zf
cljs$core$repeat$cljs$0core$0IFn$0_invoke$0arity$02:ok
cljs$core$repeatedly$cljs$0core$0IFn$0_invoke$0arity$01:ze
cljs$core$reset_BANG_:te
cljs$core$rest:sc
cljs$core$second:Uc
cljs$core$select_keys:ag
cljs$core$seq:M
cljs$core$seq_reduce$cljs$0core$0IFn$0_invoke$0arity$02:wd
cljs$core$seq_reduce$cljs$0core$0IFn$0_invoke$0arity$03:xd
cljs$core$sequential_QMARK_:ld
cljs$core$set:hg
cljs$core$set_QMARK_:kd
cljs$core$some:ne
cljs$core$spread:Td
cljs$core$str:z
cljs$core$string_hash_cache:hc
cljs$core$string_hash_cache_count:ic
cljs$core$string_print:pk
cljs$core$strip_ns:Cg
cljs$core$swap_BANG_:ue
cljs$core$symbol:oc
cljs$core$t_cljs$0core33023:ta
cljs$core$tail_off:Fe
cljs$core$take$cljs$0core$0IFn$0_invoke$0arity$02:we
cljs$core$take_while$cljs$0core$0IFn$0_invoke$0arity$02:jg
cljs$core$transduce$cljs$0core$0IFn$0_invoke$0arity$04:Dd
cljs$core$truth_:v
cljs$core$tv_editable_root:Te
cljs$core$tv_editable_tail:Ue
cljs$core$tv_ensure_editable:ff
cljs$core$tv_push_tail:gf
cljs$core$type__GT_str:Ga
cljs$core$unchecked_array_for:Je
cljs$core$val:af
cljs$core$vals:rf
cljs$core$vec:Ye
cljs$core$vector:pe
cljs$core$vector_QMARK_:od
cljs$core$vector_index_out_of_bounds:Ie
cljs$core$with_meta:fd
cljs$core$write_all$cljs$0core$0IFn$0_invoke$0arity$0variadic:sg
cljs$cst$keyword$alt_DASH_impl:zg
cljs$cst$keyword$auto_DASH_run:Sg
cljs$cst$keyword$buffer:tk
cljs$cst$keyword$button:Rg
cljs$cst$keyword$callback:Lh
cljs$cst$keyword$childContextTypes:Zg
cljs$cst$keyword$class:ah
cljs$cst$keyword$className:Jh
cljs$cst$keyword$cljsLegacyRender:ch
cljs$cst$keyword$cljs_DOT_core_SLASH_not_DASH_found:cg
cljs$cst$keyword$componentWillUnmount:th
cljs$cst$keyword$component_DASH_did_DASH_update:kh
cljs$cst$keyword$component_DASH_will_DASH_unmount:Hh
cljs$cst$keyword$constructor:Yg
cljs$cst$keyword$contextType:vh
cljs$cst$keyword$contextTypes:Ch
cljs$cst$keyword$decoded_DASH_buffer:vk
cljs$cst$keyword$displayName:Tg
cljs$cst$keyword$display_DASH_name:Ah
cljs$cst$keyword$div:yh
cljs$cst$keyword$div_SHARP_app:Vg
cljs$cst$keyword$dup:Da
cljs$cst$keyword$fallback_DASH_impl:Ag
cljs$cst$keyword$fill:Eh
cljs$cst$keyword$flush_DASH_on_DASH_newline:za
cljs$cst$keyword$function_DASH_components:mh
cljs$cst$keyword$g:nh
cljs$cst$keyword$getDerivedStateFromError:Wg
cljs$cst$keyword$getDerivedStateFromProps:wh
cljs$cst$keyword$getInitialState:gh
cljs$cst$keyword$h2:jh
cljs$cst$keyword$height:Bh
cljs$cst$keyword$id:Fh
cljs$cst$keyword$key:ph
cljs$cst$keyword$keyword_DASH_fn:Mg
cljs$cst$keyword$meta:Ca
cljs$cst$keyword$more_DASH_marker:rg
cljs$cst$keyword$name:eh
cljs$cst$keyword$no_DASH_cache:ih
cljs$cst$keyword$off:oj
cljs$cst$keyword$on:Tj
cljs$cst$keyword$on_DASH_change:Pg
cljs$cst$keyword$on_DASH_click:bh
cljs$cst$keyword$on_DASH_dispose:Ug
cljs$cst$keyword$on_DASH_set:hh
cljs$cst$keyword$on_DASH_write:oh
cljs$cst$keyword$option:Ih
cljs$cst$keyword$p:uh
cljs$cst$keyword$parse_DASH_tag:Kh
cljs$cst$keyword$print_DASH_length:Ea
cljs$cst$keyword$readably:Ba
cljs$cst$keyword$reagentRender:dh
cljs$cst$keyword$reagent_DASH_render:lh
cljs$cst$keyword$rect:Og
cljs$cst$keyword$recur:sk
cljs$cst$keyword$render:Qg
cljs$cst$keyword$select:fh
cljs$cst$keyword$shouldComponentUpdate:Dh
cljs$cst$keyword$sound:uk
cljs$cst$keyword$stroke:Ng
cljs$cst$keyword$stroke_DASH_width:Xg
cljs$cst$keyword$svg:qh
cljs$cst$keyword$url:rk
cljs$cst$keyword$val:Fg
cljs$cst$keyword$validator:xh
cljs$cst$keyword$value:zh
cljs$cst$keyword$view_DASH_box:$g
cljs$cst$keyword$width:Gh
cljs$cst$keyword$x:sh
cljs$cst$keyword$y:rh
clojure$set$difference:wi
clojure$string$join$cljs$0core$0IFn$0_invoke$0arity$02:Uh
clojure$string$replace:Th
clojure$string$replace_all:Rh
clojure$string$replace_with:Sh
clojure$string$split$cljs$0core$0IFn$0_invoke$0arity$03:Vh
cur$jscomp$inline_1465:Al
goog$UID_PROPERTY_:da
goog$async$nextTick$getSetImmediateEmulator_:Qk
goog$async$nextTick$setImmediate_:Pk
goog$bind:ck
goog$bindJs_:bk
goog$bindNative_:Xj
goog$dom$createElement:Ok
goog$getUid:ba
goog$global:aa
goog$labs$userAgent$platform$isIphone:Mk
goog$labs$userAgent$util$matchUserAgent:gk
goog$labs$userAgent$util$userAgent_:dk
goog$object$PROTOTYPE_FIELDS_:ma
goog$object$extend:na
goog$object$get:la
goog$object$getKeys:ja
goog$string$StringBuffer:pa
goog$typeOf:r
goog$uidCounter_:ha
module$node_modules$react$index:Qh
module$node_modules$react_dom$index:Ij
navigator$jscomp$inline_1119:Nk
navigator$jscomp$inline_192:ek
object$jscomp$inline_1461:yl
part$jscomp$inline_1466:Bl
parts$jscomp$inline_1464:zl
reagent:Wh
reagent$dom$render$cljs$0core$0IFn$0_invoke$0arity$03:Lj
reagent$dom$render_comp:Kj
reagent$dom$roots:Jj
reagent$impl:Xh
reagent$impl$batching$compare_mount_order:ki
reagent$impl$batching$fake_raf:ii
reagent$impl$batching$mount_count:hi
reagent$impl$batching$next_tick:ji
reagent$impl$batching$queue_render:ri
reagent$impl$batching$ratom_flush:li
reagent$impl$batching$render_queue:qi
reagent$impl$batching$run_funs:mi
reagent$impl$component$_STAR_current_component_STAR_:Ri
reagent$impl$component$built_in_static_method_names:bg
reagent$impl$component$cache_react_class:cj
reagent$impl$component$camelify_map_keys:Yi
reagent$impl$component$cljsify:aj
reagent$impl$component$create_class:bj
reagent$impl$component$custom_wrapper:Vi
reagent$impl$component$dash_to_method_name:Xi
reagent$impl$component$functional_render:ej
reagent$impl$component$functional_render_fn:gj
reagent$impl$component$functional_render_memo_fn:fj
reagent$impl$component$functional_wrap_render:dj
reagent$impl$component$map_to_js:$i
reagent$impl$component$obligatory:Wi
reagent$impl$component$props_argv:Si
reagent$impl$component$rat_opts:Qi
reagent$impl$component$reagent_class_QMARK_:Ti
reagent$impl$component$wrap_funs:Zi
reagent$impl$component$wrap_render:Ui
reagent$impl$input$input_component_set_value:jj
reagent$impl$input$input_handle_change:kj
reagent$impl$input$input_node_set_value:ij
reagent$impl$input$input_render_setup:lj
reagent$impl$input$input_spec:mj
reagent$impl$input$these_inputs_have_selection_api:hj
reagent$impl$protocols$as_element:ui
reagent$impl$protocols$get_id:si
reagent$impl$protocols$make_element:vi
reagent$impl$protocols$parse_tag:ti
reagent$impl$template:nj
reagent$impl$template$HiccupTag:yj
reagent$impl$template$cache_get:rj
reagent$impl$template$cached_parse:Dj
reagent$impl$template$convert_custom_prop_value:wj
reagent$impl$template$convert_prop_value:tj
reagent$impl$template$custom_kv_conv:vj
reagent$impl$template$custom_prop_name_cache:uj
reagent$impl$template$default_compiler:Hj
reagent$impl$template$expand_seq:Fj
reagent$impl$template$function_element:Aj
reagent$impl$template$kv_conv:sj
reagent$impl$template$make_element:xj
reagent$impl$template$maybe_function_element:Bj
reagent$impl$template$native_element:Ej
reagent$impl$template$prop_name_cache:qj
reagent$impl$template$re_tag:pj
reagent$impl$template$reag_element:zj
reagent$impl$template$t_reagent$0impl$0template34622:Uj
reagent$impl$template$tag_name_cache:Cj
reagent$impl$template$vec_to_elem:Gj
reagent$impl$util$_STAR_always_update_STAR_:ei
reagent$impl$util$capitalize:$h
reagent$impl$util$class_names:di
reagent$impl$util$dash_to_prop_name:ai
reagent$impl$util$dont_camel_case:Zh
reagent$impl$util$fun_name:bi
reagent$impl$util$get_react_key:fi
reagent$impl$util$is_client:Yh
reagent$impl$util$named_QMARK_:ci
reagent$impl$util$react_key_from_vec:gi
reagent$ratom$RAtom:Fi
reagent$ratom$Reaction:Ji
reagent$ratom$_STAR_ratom_context_STAR_:xi
reagent$ratom$add_w:Ai
reagent$ratom$atom:Gi
reagent$ratom$deref_capture:yi
reagent$ratom$dispose_BANG_:Hi
reagent$ratom$flush_BANG_:Mi
reagent$ratom$handle_reaction_change:Nb
reagent$ratom$make_reaction:Ni
reagent$ratom$notify_deref_watcher_BANG_:zi
reagent$ratom$notify_w:Ci
reagent$ratom$pr_atom:Di
reagent$ratom$rea_queue:Ei
reagent$ratom$remove_w:Bi
reagent$ratom$run_in_reaction:Pi
reagent$ratom$temp_reaction:Oi
shadow$js$files:Mh
shadow$js$jsRequire:Ph
shadow$js$nativeRequires:Nh
shadow$js$requireStack:Oh
sort$audio$_STAR_context_STAR_:pl
sort$audio$add_semitone:ul
sort$audio$decode:rl
sort$audio$get_and_decode:sl
sort$audio$load_samples:tl
sort$audio$load_sound:ql
sort$audio$play_note:wl
sort$audio$samples:ol
sort$audio$sub_semitone:vl
sort$core$algo:Qj
sort$core$bars:Rj
sort$core$button:Nj
sort$core$elements:qe
sort$core$home_page:Mj
sort$core$insert_BANG_:Vj
sort$core$render_sort:Sj
sort$core$select_BANG_:Wj
sort$core$sorted:Pj
sort$core$start_timer_BANG_:ak
sort$core$stop_timer_BANG_:xl
sort$core$svg_bar:Oj
sort$core$timer:Zj
sort$core$timer_id:Yj
userAgent$jscomp$inline_193:fk
